../Core/Src/main.c:106:5:main	8	static
../Core/Src/main.c:160:6:SystemClock_Config	72	static
../Core/Src/main.c:199:13:MX_USART1_UART_Init	8	static
../Core/Src/main.c:232:13:MX_USART2_UART_Init	8	static
../Core/Src/main.c:265:13:MX_USART3_UART_Init	8	static
../Core/Src/main.c:298:13:MX_GPIO_Init	40	static
../Core/Src/main.c:343:8:getVersion	48	static
../Core/Src/main.c:381:8:getResolution	48	static
../Core/Src/main.c:411:8:setCameraBrightness	56	static
../Core/Src/main.c:438:6:getBlocks	312	static
../Core/Src/main.c:491:6:getDirection	56	static
../Core/Src/main.c:538:6:Forward	32	static
../Core/Src/main.c:550:6:Reverse	32	static
../Core/Src/main.c:562:6:ForwardDiagLeft	32	static
../Core/Src/main.c:574:6:ReverseDiagRight	32	static
../Core/Src/main.c:586:6:ForwardDiagRight	32	static
../Core/Src/main.c:599:6:ReverseDiagLeft	32	static
../Core/Src/main.c:612:6:Right	32	static
../Core/Src/main.c:624:6:Left	32	static
../Core/Src/main.c:636:6:Stop	24	static
../Core/Src/main.c:650:6:SetSpeed	40	static
../Core/Src/main.c:679:6:Error_Handler	4	static,ignoring_inline_asm
